[brianwilliam-portfolio.netlify.app/index.html]
[backblue.gif]
[fade.gif]
[index.html]
[brianwilliam-portfolio.netlify.app/assets/css/bootstrap.css]
[brianwilliam-portfolio.netlify.app/assets/css/animate.css]
[brianwilliam-portfolio.netlify.app/assets/css/splitting.css]
[brianwilliam-portfolio.netlify.app/assets/css/swiper.css]
[brianwilliam-portfolio.netlify.app/assets/css/magnific-popup.css]
[brianwilliam-portfolio.netlify.app/assets/css/font-awesome.css]
[brianwilliam-portfolio.netlify.app/assets/css/syntax.css]
[brianwilliam-portfolio.netlify.app/assets/css/style.css]
[brianwilliam-portfolio.netlify.app/assets/css/dark.css]
[brianwilliam-portfolio.netlify.app/assets/img/dsb.png]
[brianwilliam-portfolio.netlify.app/feed.xml]
[brianwilliam-portfolio.netlify.app/assets/img/dbs.png]
[brianwilliam-portfolio.netlify.app/assets/img/profile2.png]
[brianwilliam-portfolio.netlify.app/works/index.html]
[brianwilliam-portfolio.netlify.app/blog/index.html]
[brianwilliam-portfolio.netlify.app/assets/images/pat-1.png]
[brianwilliam-portfolio.netlify.app/assets/images/pat-2.png]
[brianwilliam-portfolio.netlify.app/works/explore.html]
[brianwilliam-portfolio.netlify.app/assets/img/works/clamato.png]
[brianwilliam-portfolio.netlify.app/works/gooir.html]
[brianwilliam-portfolio.netlify.app/assets/img/works/kobs.png]
[brianwilliam-portfolio.netlify.app/works/kana.html]
[brianwilliam-portfolio.netlify.app/assets/img/works/kk.png]
[brianwilliam-portfolio.netlify.app/works/mozar.html]
[brianwilliam-portfolio.netlify.app/assets/img/works/work1.jpg]
[brianwilliam-portfolio.netlify.app/works/stay-fit.html]
[brianwilliam-portfolio.netlify.app/assets/img/works/mp.png]
[brianwilliam-portfolio.netlify.app/works/zorro.html]
[brianwilliam-portfolio.netlify.app/assets/img/works/pp.png]
[brianwilliam-portfolio.netlify.app/assets/img/testimonials/testi4-2.jpg]
[brianwilliam-portfolio.netlify.app/assets/img/testimonials/testi4-1.jpg]
[brianwilliam-portfolio.netlify.app/assets/img/testimonials/testi4-4.jpg]
[brianwilliam-portfolio.netlify.app/assets/img/testimonials/testi4-3.jpg]
[brianwilliam-portfolio.netlify.app/assets/img/testimonials/testi4-5.jpg]
[brianwilliam-portfolio.netlify.app/assets/img/blog/blog9.jpg]
[brianwilliam-portfolio.netlify.app/music/2020/08/05/by-spite-about/index.html]
[brianwilliam-portfolio.netlify.app/assets/img/blog/blog8.jpg]
[brianwilliam-portfolio.netlify.app/design/2020/07/20/two-before-arrow/index.html]
[brianwilliam-portfolio.netlify.app/assets/img/blog/blog-2.jpg]
[brianwilliam-portfolio.netlify.app/mobile/2020/07/05/design-in-mobile/index.html]
[brianwilliam-portfolio.netlify.app/assets/js/jquery.min.js]
[brianwilliam-portfolio.netlify.app/assets/js/bootstrap.js]
[brianwilliam-portfolio.netlify.app/assets/js/jquery.validate.min.js]
[brianwilliam-portfolio.netlify.app/assets/js/magnific-popup.js]
[brianwilliam-portfolio.netlify.app/assets/js/splitting.js]
[brianwilliam-portfolio.netlify.app/assets/js/jarallax.min.js]
[brianwilliam-portfolio.netlify.app/assets/js/jquery.scrolla.js]
[brianwilliam-portfolio.netlify.app/assets/js/skrollr.js]
[brianwilliam-portfolio.netlify.app/assets/js/imagesloaded.pkgd.js]
[brianwilliam-portfolio.netlify.app/assets/js/isotope.pkgd.js]
[brianwilliam-portfolio.netlify.app/assets/js/jquery.cookie.js]
[brianwilliam-portfolio.netlify.app/assets/js/swiper.js]
[brianwilliam-portfolio.netlify.app/assets/js/typed.js]
[brianwilliam-portfolio.netlify.app/assets/js/rrssb.js]
[brianwilliam-portfolio.netlify.app/assets/js/simple-jekyll-search.js]
[brianwilliam-portfolio.netlify.app/assets/js/form-handler.js]
[brianwilliam-portfolio.netlify.app/assets/js/common.js]
[bslthemes.com/bslthms-advanced-btns/assets/style.css]
[brianwilliam-portfolio.netlify.app/index.html]
[brianwilliam-portfolio.netlify.app/assets/css/bootstrap.css]
[brianwilliam-portfolio.netlify.app/assets/css/animate.css]
[brianwilliam-portfolio.netlify.app/assets/css/splitting.css]
[brianwilliam-portfolio.netlify.app/assets/css/swiper.css]
[brianwilliam-portfolio.netlify.app/assets/css/magnific-popup.css]
[bslthemes.com/bslthms-advanced-btns/assets/script.js]
[brianwilliam-portfolio.netlify.app/assets/webfonts/fa-brands-400.eot]
[brianwilliam-portfolio.netlify.app/assets/webfonts/fa-brands-400d41d.eot]
[brianwilliam-portfolio.netlify.app/assets/webfonts/fa-brands-400.woff2]
[brianwilliam-portfolio.netlify.app/assets/webfonts/fa-brands-400.woff]
[brianwilliam-portfolio.netlify.app/assets/webfonts/fa-brands-400.ttf]
[brianwilliam-portfolio.netlify.app/assets/webfonts/fa-brands-400.svg]
[brianwilliam-portfolio.netlify.app/assets/webfonts/fa-regular-400.eot]
[brianwilliam-portfolio.netlify.app/assets/webfonts/fa-regular-400d41d.eot]
[brianwilliam-portfolio.netlify.app/assets/webfonts/fa-regular-400.woff2]
[brianwilliam-portfolio.netlify.app/assets/webfonts/fa-regular-400.woff]
[brianwilliam-portfolio.netlify.app/assets/webfonts/fa-regular-400.ttf]
[brianwilliam-portfolio.netlify.app/assets/webfonts/fa-regular-400.svg]
[brianwilliam-portfolio.netlify.app/assets/webfonts/fa-solid-900.eot]
[brianwilliam-portfolio.netlify.app/assets/webfonts/fa-solid-900d41d.eot]
[brianwilliam-portfolio.netlify.app/assets/webfonts/fa-solid-900.woff2]
[brianwilliam-portfolio.netlify.app/assets/webfonts/fa-solid-900.woff]
[brianwilliam-portfolio.netlify.app/assets/webfonts/fa-solid-900.ttf]
[brianwilliam-portfolio.netlify.app/assets/css/font-awesome.css]
[brianwilliam-portfolio.netlify.app/assets/css/syntax.css]
[brianwilliam-portfolio.netlify.app/assets/webfonts/fa-solid-900.svg]
[brianwilliam-portfolio.netlify.app/assets/css/style.css]
[brianwilliam-portfolio.netlify.app/assets/css/dark.css]
[brianwilliam-portfolio.netlify.app/works/index.html]
[brianwilliam-portfolio.netlify.app/design/2020/06/15/by-spite-what/index.html]
[brianwilliam-portfolio.netlify.app/assets/img/blog/blog6.jpg]
[brianwilliam-portfolio.netlify.app/assets/img/blog/blog-4-scaled-1.jpg]
[brianwilliam-portfolio.netlify.app/video/music/2020/01/08/welcome-to-jekyll/index.html]
[brianwilliam-portfolio.netlify.app/categories/video/index.html]
[brianwilliam-portfolio.netlify.app/categories/music/index.html]
[brianwilliam-portfolio.netlify.app/categories/design/index.html]
[brianwilliam-portfolio.netlify.app/categories/mobile/index.html]
[brianwilliam-portfolio.netlify.app/tags/jekyll/index.html]
[brianwilliam-portfolio.netlify.app/tags/app/index.html]
[brianwilliam-portfolio.netlify.app/tags/mobile/index.html]
[brianwilliam-portfolio.netlify.app/tags/code/index.html]
[brianwilliam-portfolio.netlify.app/blog/index.html]
[brianwilliam-portfolio.netlify.app/tags/rock/index.html]
[brianwilliam-portfolio.netlify.app/assets/img/works/single7.jpg]
[brianwilliam-portfolio.netlify.app/works/explore.html]
[brianwilliam-portfolio.netlify.app/assets/img/works/single6.jpg]
[brianwilliam-portfolio.netlify.app/works/gooir.html]
[brianwilliam-portfolio.netlify.app/works/kana.html]
[brianwilliam-portfolio.netlify.app/assets/img/works/single1.jpg]
[brianwilliam-portfolio.netlify.app/works/mozar.html]
[brianwilliam-portfolio.netlify.app/works/stay-fit.html]
[brianwilliam-portfolio.netlify.app/assets/img/works/single4.jpg]
[brianwilliam-portfolio.netlify.app/works/zorro.html]
[brianwilliam-portfolio.netlify.app/music/2020/08/05/by-spite-about/blog.5e.delayed]
[brianwilliam-portfolio.netlify.app/music/2020/08/05/by-spite-about/index.html]
[brianwilliam-portfolio.netlify.app/design/2020/07/20/two-before-arrow/blog.60.delayed]
[brianwilliam-portfolio.netlify.app/design/2020/07/20/two-before-arrow/index.html]
[brianwilliam-portfolio.netlify.app/mobile/2020/07/05/design-in-mobile/blog.61.delayed]
[brianwilliam-portfolio.netlify.app/mobile/2020/07/05/design-in-mobile/index.html]
[bslthemes.com/bslthms-advanced-btns/assets/style.css]
[brianwilliam-portfolio.netlify.app/assets/webfonts/fa-brands-400.svg]
[brianwilliam-portfolio.netlify.app/assets/webfonts/fa-regular-400.svg]
[brianwilliam-portfolio.netlify.app/assets/webfonts/fa-solid-900.svg]
[brianwilliam-portfolio.netlify.app/assets/images/quote.svg]
[brianwilliam-portfolio.netlify.app/assets/images/caret-down.svg]
[brianwilliam-portfolio.netlify.app/assets/images/circle.svg]
[brianwilliam-portfolio.netlify.app/assets/images/arrow.svg]
[brianwilliam-portfolio.netlify.app/assets/images/search.svg]
[brianwilliam-portfolio.netlify.app/assets/images/angle.svg]
[brianwilliam-portfolio.netlify.app/design/2020/06/15/by-spite-what/blog.62.delayed]
[brianwilliam-portfolio.netlify.app/design/2020/06/15/by-spite-what/index.html]
[brianwilliam-portfolio.netlify.app/video/music/2020/01/08/welcome-to-jekyll/blog.63.delayed]
[brianwilliam-portfolio.netlify.app/video/music/2020/01/08/welcome-to-jekyll/index.html]
[brianwilliam-portfolio.netlify.app/categories/video/index.html]
[brianwilliam-portfolio.netlify.app/categories/music/index.html]
[brianwilliam-portfolio.netlify.app/categories/design/index.html]
[brianwilliam-portfolio.netlify.app/categories/mobile/index.html]
[brianwilliam-portfolio.netlify.app/tags/jekyll/index.html]
[brianwilliam-portfolio.netlify.app/tags/app/index.html]
[brianwilliam-portfolio.netlify.app/tags/mobile/index.html]
[brianwilliam-portfolio.netlify.app/tags/code/index.html]
[brianwilliam-portfolio.netlify.app/tags/rock/index.html]
[brianwilliam-portfolio.netlify.app/music/2020/08/05/by-spite-about/blog.html]
[brianwilliam-portfolio.netlify.app/design/2020/07/20/two-before-arrow/blog.html]
[brianwilliam-portfolio.netlify.app/mobile/2020/07/05/design-in-mobile/blog.html]
[brianwilliam-portfolio.netlify.app/design/2020/06/15/by-spite-what/blog.html]
[brianwilliam-portfolio.netlify.app/video/music/2020/01/08/welcome-to-jekyll/blog.html]
[glitche-jekyll-theme.disqus.com/embed.js]
